2026-07-22 13:56:20,932 [INFO] Chưa có data → fetch 90 ngày: 2026-04-23 → 2026-07-21
2026-07-22 13:56:23,001 [INFO] Failed to extract font properties from /usr/share/fonts/truetype/noto/NotoColorEmoji.ttf: Non-scalable fonts are not supported
2026-07-22 13:56:23,576 [INFO] generated new fontManager
2026-07-22 13:56:27,075 [INFO] Device registered: cdee9e98a5e3e3da6b5efc3ffd9e3c38 (version 0.0.1)
2026-07-22 13:56:33,551 [INFO] VCB: ✓ 61 dòng
2026-07-22 13:56:37,161 [INFO] VIC: ✓ 61 dòng
2026-07-22 13:56:40,687 [INFO] VHM: ✓ 61 dòng
2026-07-22 13:56:44,473 [INFO] HPG: ✓ 61 dòng
2026-07-22 13:56:47,692 [INFO] TCB: ✓ 61 dòng
2026-07-22 13:56:50,538 [INFO] MBB: ✓ 61 dòng
2026-07-22 13:56:53,792 [INFO] VNM: ✓ 61 dòng
2026-07-22 13:56:57,414 [INFO] FPT: ✓ 61 dòng
2026-07-22 13:57:00,651 [INFO] MSN: ✓ 61 dòng
2026-07-22 13:57:03,965 [INFO] BID: ✓ 61 dòng
2026-07-22 13:57:03,965 [INFO] === Xong: 10/10 tickers | 610 dòng mới ===
2026-07-23 12:16:35,786 [INFO] Fetch từ 2026-07-22 → 2026-07-22
2026-07-23 12:16:36,367 [INFO] Failed to extract font properties from /usr/share/fonts/truetype/noto/NotoColorEmoji.ttf: Non-scalable fonts are not supported
2026-07-23 12:16:36,403 [INFO] generated new fontManager
2026-07-23 12:16:40,159 [INFO] Device registered: cdee9e98a5e3e3da6b5efc3ffd9e3c38 (version 0.0.1)
2026-07-23 12:16:46,349 [INFO] VCB: ✓ 1 dòng
2026-07-23 12:16:50,404 [INFO] VIC: ✓ 1 dòng
2026-07-23 12:16:53,810 [INFO] VHM: ✓ 1 dòng
2026-07-23 12:16:57,930 [INFO] HPG: ✓ 1 dòng
2026-07-23 12:17:01,681 [INFO] TCB: ✓ 1 dòng
2026-07-23 12:17:05,408 [INFO] MBB: ✓ 1 dòng
2026-07-23 12:17:08,663 [INFO] VNM: ✓ 1 dòng
2026-07-23 12:17:12,705 [INFO] FPT: ✓ 1 dòng
2026-07-23 12:17:17,011 [INFO] MSN: ✓ 1 dòng
2026-07-23 12:17:21,098 [INFO] BID: ✓ 1 dòng
2026-07-23 12:17:21,098 [INFO] === Xong: 10/10 tickers | 10 dòng mới ===
2026-07-24 12:09:37,899 [INFO] Fetch từ 2026-07-23 → 2026-07-23
2026-07-24 12:09:38,329 [INFO] Failed to extract font properties from /usr/share/fonts/truetype/noto/NotoColorEmoji.ttf: Non-scalable fonts are not supported
2026-07-24 12:09:38,655 [INFO] generated new fontManager
2026-07-24 12:09:41,033 [INFO] Device registered: 54e2013a3767e629ef5a2af9440722cc (version 0.0.1)
2026-07-24 12:09:47,020 [INFO] VCB: ✓ 1 dòng
2026-07-24 12:09:50,255 [INFO] VIC: ✓ 1 dòng
2026-07-24 12:09:53,764 [INFO] VHM: ✓ 1 dòng
2026-07-24 12:09:56,860 [INFO] HPG: ✓ 1 dòng
2026-07-24 12:09:59,723 [INFO] TCB: ✓ 1 dòng
2026-07-24 12:10:02,967 [INFO] MBB: ✓ 1 dòng
2026-07-24 12:10:05,968 [INFO] VNM: ✓ 1 dòng
2026-07-24 12:10:08,768 [INFO] FPT: ✓ 1 dòng
2026-07-24 12:10:11,622 [INFO] MSN: ✓ 1 dòng
2026-07-24 12:10:14,346 [INFO] BID: ✓ 1 dòng
2026-07-24 12:10:14,346 [INFO] === Xong: 10/10 tickers | 10 dòng mới ===
2026-07-27 13:31:30,449 [INFO] Fetch từ 2026-07-24 → 2026-07-26
2026-07-27 13:31:30,938 [INFO] Failed to extract font properties from /usr/share/fonts/truetype/noto/NotoColorEmoji.ttf: Non-scalable fonts are not supported
2026-07-27 13:31:31,064 [INFO] generated new fontManager
2026-07-27 13:31:34,425 [INFO] Device registered: 54e2013a3767e629ef5a2af9440722cc (version 0.0.1)
2026-07-27 13:31:39,496 [INFO] VCB: ✓ 1 dòng
2026-07-27 13:31:43,299 [INFO] VIC: ✓ 1 dòng
2026-07-27 13:31:46,382 [INFO] VHM: ✓ 1 dòng
2026-07-27 13:31:49,217 [INFO] HPG: ✓ 1 dòng
2026-07-27 13:31:52,230 [INFO] TCB: ✓ 1 dòng
2026-07-27 13:31:55,155 [INFO] MBB: ✓ 1 dòng
2026-07-27 13:31:57,861 [INFO] VNM: ✓ 1 dòng
2026-07-27 13:32:01,108 [INFO] FPT: ✓ 1 dòng
2026-07-27 13:32:04,457 [INFO] MSN: ✓ 1 dòng
2026-07-27 13:32:07,730 [INFO] BID: ✓ 1 dòng
2026-07-27 13:32:07,730 [INFO] === Xong: 10/10 tickers | 10 dòng mới ===
